2025-07-09 06:32:10,675 - INFO - 
Starting NePS hyperparameter search...
2025-07-09 06:32:10,676 - INFO - Max evaluations: 10
2025-07-09 06:32:10,677 - INFO - Results will be stored in: neps_results_B1600k_L130_D260_output
2025-07-09 06:32:10,677 - INFO - Starting neps.run using root directory neps_results_B1600k_L130_D260_output
2025-07-09 06:32:10,689 - INFO - Running bayesian_optimization as the searcher
2025-07-09 06:32:10,690 - INFO - Strategy: bayesian_optimization
2025-07-09 06:32:10,787 - INFO - Start evaluating config 1
2025-07-09 21:03:55,758 - INFO - Finished evaluating config 1 -- new best with loss -42593658.000000
2025-07-09 21:03:55,832 - INFO - Start evaluating config 2
2025-07-10 03:38:50,726 - INFO - Finished evaluating config 2 -- new best with loss -45262985.000000
2025-07-10 03:38:50,810 - INFO - Start evaluating config 3
PS C:\Users\njomz\source\repos\HybridMetaheuristicGA-Feature_Tabu-json2run> & C:/Users/njomz/anaconda3/envs/pytorch_schedulers/python.exe c:/Users/njomz/source/repos/HybridMetaheuristicGA-Feature_Tabu-json2run/main.py
Cuda: True
Running Neural Pipeline Search for Genetic Algorithm Hyperparameter Optimization

Starting NePS hyperparameter search...
Max evaluations: 10
Results will be stored in: neps_results_B1600k_L130_D260_output

[NePS EVAL] Starting evaluation with params:
  population_size: 67
  mutation_prob: 0.0640
  hill_climbing_steps: 29
  tabu_length: 1
Gen 0: Best fitness = 54944045
Gen 1: Best fitness = 43112136
Gen 2: Best fitness = 42593658
Gen 3: Best fitness = 42593658
Gen 4: Best fitness = 42593658
Gen 5: Best fitness = 42593658
Early stopping: No improvement for 4 generations.
[NePS EVAL] Fitness: 42593658, Runtime: 52304.38s

[NePS EVAL] Starting evaluation with params:
  population_size: 69
  mutation_prob: 0.1884
  hill_climbing_steps: 27
  tabu_length: 7
Gen 0: Best fitness = 52791469
Gen 1: Best fitness = 45262985
Gen 2: Best fitness = 45262985
Gen 3: Best fitness = 45262985
Gen 4: Best fitness = 45262985
Early stopping: No improvement for 4 generations.
[NePS EVAL] Fitness: 45262985, Runtime: 23694.83s

[NePS EVAL] Starting evaluation with params:
  population_size: 95
  mutation_prob: 0.3610
  hill_climbing_steps: 26
  tabu_length: 8
Gen 0: Best fitness = 51814341
Gen 1: Best fitness = 46371595
Gen 2: Best fitness = 44987829
Gen 3: Best fitness = 44987829
Gen 4: Best fitness = 44987829
Gen 5: Best fitness = 44987829