2025-07-01 00:14:46,450 - INFO - 
Starting NePS hyperparameter search...
2025-07-01 00:14:46,450 - INFO - Max evaluations: 10
2025-07-01 00:14:46,451 - INFO - Results will be stored in: neps_results_B180k_L85_D170_output
2025-07-01 00:14:46,451 - INFO - Starting neps.run using root directory neps_results_B180k_L85_D170_output
2025-07-01 00:14:46,455 - INFO - Running bayesian_optimization as the searcher
2025-07-01 00:14:46,456 - INFO - Strategy: bayesian_optimization
2025-07-01 00:14:46,492 - INFO - Start evaluating config 1
PS C:\Users\njomz\source\repos\HybridMetaheuristicGA-Feature_Tabu-json2run> & C:/Users/njomz/anaconda3/envs/pytorch_schedulers/python.exe c:/Users/njomz/source/repos/HybridMetaheuristicGA-Feature_Tabu-json2run/main.py
Cuda: True
Running Neural Pipeline Search for Genetic Algorithm Hyperparameter Optimization

Starting NePS hyperparameter search...
Max evaluations: 10
Results will be stored in: neps_results_B95k_L2k_D28_output

[NePS EVAL] Starting evaluation with params:
  population_size: 20
  mutation_prob: 0.0337
  hill_climbing_steps: 22
  tabu_length: 3
Gen 0: Best fitness = 1291651
Gen 1: Best fitness = 1282360
Gen 2: Best fitness = 1276106
Gen 3: Best fitness = 1276106
Gen 4: Best fitness = 1276106
Gen 5: Best fitness = 1276106
Gen 6: Best fitness = 1262439
Gen 7: Best fitness = 1262439
Gen 8: Best fitness = 1262439
Gen 9: Best fitness = 1262439
Gen 10: Best fitness = 1262439
Gen 11: Best fitness = 1262439
Gen 12: Best fitness = 1262439
Gen 13: Best fitness = 1262439
Gen 14: Best fitness = 1262439
Gen 15: Best fitness = 1262439
Early stopping: No improvement for 10 generations.
[NePS EVAL] Fitness: 1262439, Runtime: 13.64s

[NePS EVAL] Starting evaluation with params:
  population_size: 16
  mutation_prob: 0.2490
  hill_climbing_steps: 26
  tabu_length: 7
Gen 0: Best fitness = 1291651
Gen 1: Best fitness = 1276106
Gen 2: Best fitness = 1260831
Gen 3: Best fitness = 1251479
Gen 4: Best fitness = 1251479
Gen 5: Best fitness = 1251479
Gen 6: Best fitness = 1251479
Gen 7: Best fitness = 1251479
Gen 8: Best fitness = 1251479
Gen 9: Best fitness = 1251479
Gen 10: Best fitness = 1251479
Gen 11: Best fitness = 1251479
Gen 12: Best fitness = 1251479
Early stopping: No improvement for 10 generations.
[NePS EVAL] Fitness: 1251479, Runtime: 76.48s

[NePS EVAL] Starting evaluation with params:
  population_size: 66
  mutation_prob: 0.3078
  hill_climbing_steps: 7
  tabu_length: 5
Gen 0: Best fitness = 1291798
Gen 1: Best fitness = 1275454
Gen 2: Best fitness = 1270198
Gen 3: Best fitness = 1270198
Gen 4: Best fitness = 1251126
Gen 5: Best fitness = 1251126
Gen 6: Best fitness = 1251126
Gen 7: Best fitness = 1251126
Gen 8: Best fitness = 1251126
Gen 9: Best fitness = 1251126
Gen 10: Best fitness = 1251126
Gen 11: Best fitness = 1251126
Gen 12: Best fitness = 1251126
Gen 13: Best fitness = 1251126
Early stopping: No improvement for 10 generations.
[NePS EVAL] Fitness: 1251126, Runtime: 210.99s

[NePS EVAL] Starting evaluation with params:
  population_size: 58
  mutation_prob: 0.0727
  hill_climbing_steps: 36
  tabu_length: 12
Gen 0: Best fitness = 1291869
Gen 1: Best fitness = 1271786
Gen 2: Best fitness = 1243661
Gen 3: Best fitness = 1243661
Gen 4: Best fitness = 1243661
Gen 5: Best fitness = 1243661
Gen 6: Best fitness = 1243661
Gen 7: Best fitness = 1243661
Gen 8: Best fitness = 1243661
Gen 9: Best fitness = 1243661
Gen 10: Best fitness = 1243661
Gen 11: Best fitness = 1243661
Early stopping: No improvement for 10 generations.
[NePS EVAL] Fitness: 1243661, Runtime: 120.98s

[NePS EVAL] Starting evaluation with params:
  population_size: 51
  mutation_prob: 0.0854
  hill_climbing_steps: 31
  tabu_length: 4
Gen 0: Best fitness = 1291869
Gen 1: Best fitness = 1258797
Gen 2: Best fitness = 1247517
Gen 3: Best fitness = 1243914
Gen 4: Best fitness = 1243914
Gen 5: Best fitness = 1243914
Gen 6: Best fitness = 1243914
Gen 7: Best fitness = 1243914
Gen 8: Best fitness = 1243914
Gen 9: Best fitness = 1243914
Gen 10: Best fitness = 1243914
Gen 11: Best fitness = 1243914
Gen 12: Best fitness = 1243914
Early stopping: No improvement for 10 generations.
[NePS EVAL] Fitness: 1243914, Runtime: 148.88s

[NePS EVAL] Starting evaluation with params:
  population_size: 11
  mutation_prob: 0.3441
  hill_climbing_steps: 30
  tabu_length: 12
Gen 0: Best fitness = 1291183
Gen 1: Best fitness = 1287805
Gen 2: Best fitness = 1287805
Gen 3: Best fitness = 1250742
Gen 4: Best fitness = 1250742
Gen 5: Best fitness = 1250742
Gen 6: Best fitness = 1250742
Gen 7: Best fitness = 1250742
Gen 8: Best fitness = 1250742
Gen 9: Best fitness = 1250742
Gen 10: Best fitness = 1250742
[NePS EVAL] Fitness: 1250742, Runtime: 65.58s

[NePS EVAL] Starting evaluation with params:
  population_size: 76
  mutation_prob: 0.0974
  hill_climbing_steps: 36
  tabu_length: 6
Gen 0: Best fitness = 1291869
Gen 1: Best fitness = 1268984
Gen 2: Best fitness = 1243914
Gen 3: Best fitness = 1243914
Gen 4: Best fitness = 1243914
Gen 5: Best fitness = 1243914
Gen 6: Best fitness = 1243914
Gen 7: Best fitness = 1243914
Gen 8: Best fitness = 1243914
Gen 9: Best fitness = 1243914
Gen 10: Best fitness = 1243914
Gen 11: Best fitness = 1243914
Early stopping: No improvement for 10 generations.
[NePS EVAL] Fitness: 1243914, Runtime: 151.21s

[NePS EVAL] Starting evaluation with params:
  population_size: 64
  mutation_prob: 0.4857
  hill_climbing_steps: 3
  tabu_length: 10
Gen 0: Best fitness = 1291869
Gen 1: Best fitness = 1271786
Gen 2: Best fitness = 1271786
Gen 3: Best fitness = 1271786
Gen 4: Best fitness = 1271786
Gen 5: Best fitness = 1271786
Gen 6: Best fitness = 1271786
Gen 7: Best fitness = 1271786
Gen 8: Best fitness = 1271786
Gen 9: Best fitness = 1271786
Gen 10: Best fitness = 1271786
Early stopping: No improvement for 10 generations.
[NePS EVAL] Fitness: 1271786, Runtime: 60.73s

[NePS EVAL] Starting evaluation with params:
  population_size: 50
  mutation_prob: 0.1898
  hill_climbing_steps: 29
  tabu_length: 13
Gen 0: Best fitness = 1291869
Gen 1: Best fitness = 1271786
Gen 2: Best fitness = 1271134
Gen 3: Best fitness = 1257744
Gen 4: Best fitness = 1257744
Gen 5: Best fitness = 1257744
Gen 6: Best fitness = 1257744
Gen 7: Best fitness = 1257744
Gen 8: Best fitness = 1257744
Gen 9: Best fitness = 1257744
Gen 10: Best fitness = 1257744
Gen 11: Best fitness = 1257744
Gen 12: Best fitness = 1257744
Early stopping: No improvement for 10 generations.
[NePS EVAL] Fitness: 1257744, Runtime: 263.65s

[NePS EVAL] Starting evaluation with params:
  population_size: 28
  mutation_prob: 0.4176
  hill_climbing_steps: 35
  tabu_length: 14
Gen 0: Best fitness = 1291183
Gen 1: Best fitness = 1271971
Gen 2: Best fitness = 1271971
Gen 3: Best fitness = 1256417
Gen 4: Best fitness = 1256417
Gen 5: Best fitness = 1256417
Gen 6: Best fitness = 1256417
Gen 7: Best fitness = 1256417
Gen 8: Best fitness = 1256417
Gen 9: Best fitness = 1256417
Gen 10: Best fitness = 1256417
Gen 11: Best fitness = 1256417
Gen 12: Best fitness = 1256417
Early stopping: No improvement for 10 generations.
[NePS EVAL] Fitness: 1256417, Runtime: 368.73s

NePS search finished.
Check the directory 'neps_results_B95k_L2k_D28_output' for detailed results and logs.
#Evaluated configs: 10
#Pending configs: 0
#Pending configs with worker: 0
#Crashed configs: 0

Best loss: -1271786.0
Best config id: 8
Best config: {'hill_climbing_steps': 3, 'mutation_prob': 0.4856841347645942, 'population_size': 64, 'tabu_length': 10}

--- Best Configuration Found by NePS ---
Config ID: 8
Best Loss: -1271786.0000
Corresponding Fitness Score: 1271786.0000
Hyperparameters:
  hill_climbing_steps: 3
  mutation_prob: 0.4856841347645942
  population_size: 64
  tabu_length: 10
Runtime for this config: 60.73s
PS C:\Users\njomz\source\repos\HybridMetaheuristicGA-Feature_Tabu-json2run> & C:/Users/njomz/anaconda3/envs/pytorch_schedulers/python.exe c:/Users/njomz/source/repos/HybridMetaheuristicGA-Feature_Tabu-json2run/main.py
Cuda: True
Running Neural Pipeline Search for Genetic Algorithm Hyperparameter Optimization

Starting NePS hyperparameter search...
Max evaluations: 10
Results will be stored in: neps_results_B180k_L85_D170_output

[NePS EVAL] Starting evaluation with params:
  population_size: 46
  mutation_prob: 0.4538
  hill_climbing_steps: 22
  tabu_length: 3
Gen 0: Best fitness = 32359128
Gen 1: Best fitness = 23877500
Gen 2: Best fitness = 23877500
Gen 3: Best fitness = 23877500
Gen 4: Best fitness = 23877500
Gen 5: Best fitness = 23877500
Gen 6: Best fitness = 23877500
Gen 7: Best fitness = 23877500
Gen 8: Best fitness = 23877500
Gen 9: Best fitness = 23877500
Gen 10: Best fitness = 23877500
forrtl: error (200): program aborting due to control-C event
Image              PC                Routine            Line        Source
libifcoremd.dll    00007FF9EC5BDF54  Unknown               Unknown  Unknown
KERNELBASE.dll     00007FFA71E7B0CD  Unknown               Unknown  Unknown
KERNEL32.DLL       00007FFA73A0E8D7  Unknown               Unknown  Unknown
ntdll.dll          00007FFA74BDC34C  Unknown               Unknown  Unknown